C51 COMPILER V9.55   MAIN                                                                  05/30/2016 13:35:29 PAGE 1   


C51 COMPILER V9.55, COMPILATION OF MODULE MAIN
OBJECT MODULE PLACED IN .\Objects\main.obj
COMPILER INVOKED BY: C:\Keil_v5\C51\BIN\C51.EXE main.c OPTIMIZE(8,SPEED) BROWSE DEBUG OBJECTEXTEND PRINT(.\Listings\main
                    -.lst) TABS(2) OBJECT(.\Objects\main.obj)

line level    source

   1          /*
   2          PROJECT Name: LED
   3          Author      : Etiq Technologies
   4          Created on  :16 April 2016
   5          Description:  The Project is a demo project for the AT89S8253 programming.
   6                        The code blinks the LEDs connected to all ports of the AT89S8253 
   7                        controller.Since inbuilt delay routine is not available a delay                                    
             -             
   8                        library using the timer modules of the controller is created and 
   9                        attached with the project.only delays in milliseconds greater and
  10                        multiples of 50 should be passed to the funcion.
  11          
  12          */
  13          
  14          
  15          #include <REG8253.H>
  16          #include "delay.h"           //delay header
  17          
  18          
  19          void main()
  20          {
  21   1        while(1)
  22   1        {
  23   2        //P0=0xFF;                  //all ports of the controller are made high
  24   2        
  25   2      //  if(P0_1==0)
  26   2      //  {
  27   2          
  28   2        P0=0x00;
  29   2        P1=0x00;
  30   2        P2=0x00;
  31   2        P3=0x00;   
  32   2        delay_ms(250);
  33   2        P0=0xFF;
  34   2        P1=0xFF;
  35   2        P2=0xFF;
  36   2        P3=0xFF;
  37   2        delay_ms(250);
  38   2      //  }
  39   2          
  40   2          
  41   2        //delay_ms(500);          //delay of 1sec
  42   2      //  else
  43   2      //  {   
  44   2      //  //P0=0x00;                 //all ports of the controller are made low
  45   2      //    P1=0xFF;
  46   2      //    P2=0xFF;
  47   2      //    P3=0xFF;               
  48   2      //    
  49   2      //// delay_ms(500);          //delay of 1 sec.
  50   2      //}
  51   2        }
  52   1      }

C51 COMPILER V9.55   MAIN                                                                  05/30/2016 13:35:29 PAGE 2   


MODULE INFORMATION:   STATIC OVERLAYABLE
   CODE SIZE        =     36    ----
   CONSTANT SIZE    =   ----    ----
   XDATA SIZE       =   ----    ----
   PDATA SIZE       =   ----    ----
   DATA SIZE        =   ----    ----
   IDATA SIZE       =   ----    ----
   BIT SIZE         =   ----    ----
END OF MODULE INFORMATION.


C51 COMPILATION COMPLETE.  0 WARNING(S),  0 ERROR(S)
