C51 COMPILER V9.55   MAIN                                                                  04/16/2016 11:31:26 PAGE 1   


C51 COMPILER V9.55, COMPILATION OF MODULE MAIN
OBJECT MODULE PLACED IN .\Objects\main.obj
COMPILER INVOKED BY: C:\Keil_v5\C51\BIN\C51.EXE main.c OPTIMIZE(8,SPEED) BROWSE DEBUG OBJECTEXTEND PRINT(.\Listings\main
                    -.lst) TABS(2) OBJECT(.\Objects\main.obj)

line level    source

   1          #include <REG8253.H>
   2          
   3          void wait (void)  {                   /* wait function */
   4   1        ;                                   /* only to delay for LED flashes */
   5   1      }
   6          
   7          void main (void)  {
   8   1        unsigned int i;                     /* Delay var */
   9   1        unsigned char j;                    /* LED var */
  10   1      
  11   1        while (1) 
  12   1          {                         /* Loop forever */
  13   2          for (j=0x01; j< 0x80; j<<=1)  {   /* Blink LED 0, 1, 2, 3, 4, 5, 6 */
  14   3            P0 = j;                         /* Output to LED Port */
  15   3            for (i = 0; i < 10000; i++)  {  /* Delay for 10000 Counts */
  16   4             wait ();                       /* call wait function */
  17   4            }
  18   3          }
  19   2      
  20   2          for (j=0x80; j> 0x01; j>>=1)  {   /* Blink LED 6, 5, 4, 3, 2, 1 */
  21   3            P0 = j;                         /* Output to LED Port */
  22   3            for (i = 0; i < 10000; i++)  {  /* Delay for 10000 Counts */
  23   4             wait ();                       /* call wait function */
  24   4            }
  25   3          }
  26   2        }
  27   1      }


MODULE INFORMATION:   STATIC OVERLAYABLE
   CODE SIZE        =     67    ----
   CONSTANT SIZE    =   ----    ----
   XDATA SIZE       =   ----    ----
   PDATA SIZE       =   ----    ----
   DATA SIZE        =   ----    ----
   IDATA SIZE       =   ----    ----
   BIT SIZE         =   ----    ----
END OF MODULE INFORMATION.


C51 COMPILATION COMPLETE.  0 WARNING(S),  0 ERROR(S)
